==================================================
­ƒÜÇ VECTORA E2E ZYRIS ENGINE TEST SUITE (NO MOCKS)
==================================================
